// Jest Snapshot v1, https://goo.gl/fbAQLP

exports[`<PreviewLinkContainer /> renders correctly 1`] = `
<div
  className="sc-bdVaJa fAeyvH"
/>
`;
