// Jest Snapshot v1, https://goo.gl/fbAQLP

exports[`ModalFieldRow should render correctly 1`] = `
.c0 {
  clear: both;
  margin-bottom: 0.625rem;
  max-width: 30.9375rem;
}

<styled.div
  className="c0"
/>
`;
