// Jest Snapshot v1, https://goo.gl/fbAQLP

exports[`ArrearsNotifications components should render default container correctly 1`] = `
<div
  className="sc-bdVaJa eMmrIk"
/>
`;
