// Jest Snapshot v1, https://goo.gl/fbAQLP

exports[`Page components should render <InnerContainer /> correctly 1`] = `
<div
  className=""
/>
`;

exports[`Page components should render <OuterContainer /> correctly 1`] = `
.c0 {
  padding-top: 50px;
  padding-bottom: 50px;
}

<div
  className="c0"
/>
`;
