// Jest Snapshot v1, https://goo.gl/fbAQLP

exports[`<PreviewLink /> renders correctly 1`] = `
<WithTheme(Button)
  className="sc-fcdeBU eyvVKn"
/>
`;
