// Jest Snapshot v1, https://goo.gl/fbAQLP

exports[`FieldRow should render correctly 1`] = `
.c0 {
  clear: both;
  margin-bottom: 30px;
  max-width: 495px;
}

<div
  className="c0"
/>
`;
