// Jest Snapshot v1, https://goo.gl/fbAQLP

exports[`Error Boundary renders correctly 1`] = `
<p>
  this is a test!
</p>
`;
